  arc.cpp
C:\Users\Administrator\Desktop\cacah-test\Cache Policy\SCORE\Project1\arc.cpp(1,1): warning C4819: 该文件包含不能在当前代码页(936)中表示的字符。请将该文件保存为 Unicode 格式以防止数据丢失
C:\Users\Administrator\Desktop\cacah-test\Cache Policy\SCORE\Project1\arc.h(1,1): warning C4819: 该文件包含不能在当前代码页(936)中表示的字符。请将该文件保存为 Unicode 格式以防止数据丢失
  (编译源文件“arc.cpp”)
  
  lru.cpp
  main.cpp
C:\Users\Administrator\Desktop\cacah-test\Cache Policy\SCORE\Project1\main.cpp(1,1): warning C4819: 该文件包含不能在当前代码页(936)中表示的字符。请将该文件保存为 Unicode 格式以防止数据丢失
C:\Users\Administrator\Desktop\cacah-test\Cache Policy\SCORE\Project1\arc.h(1,1): warning C4819: 该文件包含不能在当前代码页(936)中表示的字符。请将该文件保存为 Unicode 格式以防止数据丢失
  (编译源文件“main.cpp”)
  
C:\Users\Administrator\Desktop\cacah-test\Cache Policy\SCORE\Project1\TDC.h(1,1): warning C4819: 该文件包含不能在当前代码页(936)中表示的字符。请将该文件保存为 Unicode 格式以防止数据丢失
  (编译源文件“main.cpp”)
  
C:\Users\Administrator\Desktop\cacah-test\Cache Policy\SCORE\Project1\score.h(1,1): warning C4819: 该文件包含不能在当前代码页(936)中表示的字符。请将该文件保存为 Unicode 格式以防止数据丢失
  (编译源文件“main.cpp”)
  
C:\Users\Administrator\Desktop\cacah-test\Cache Policy\SCORE\Project1\main.cpp(96,52): warning C4244: “=”: 从“double”转换到“time_t”，可能丢失数据
  score.cpp
C:\Users\Administrator\Desktop\cacah-test\Cache Policy\SCORE\Project1\score.cpp(1,1): warning C4819: 该文件包含不能在当前代码页(936)中表示的字符。请将该文件保存为 Unicode 格式以防止数据丢失
C:\Users\Administrator\Desktop\cacah-test\Cache Policy\SCORE\Project1\score.h(1,1): warning C4819: 该文件包含不能在当前代码页(936)中表示的字符。请将该文件保存为 Unicode 格式以防止数据丢失
  (编译源文件“score.cpp”)
  
  TDC.cpp
C:\Users\Administrator\Desktop\cacah-test\Cache Policy\SCORE\Project1\TDC.cpp(1,1): warning C4819: 该文件包含不能在当前代码页(936)中表示的字符。请将该文件保存为 Unicode 格式以防止数据丢失
C:\Users\Administrator\Desktop\cacah-test\Cache Policy\SCORE\Project1\TDC.h(1,1): warning C4819: 该文件包含不能在当前代码页(936)中表示的字符。请将该文件保存为 Unicode 格式以防止数据丢失
  (编译源文件“TDC.cpp”)
  
C:\Users\Administrator\Desktop\cacah-test\Cache Policy\SCORE\Project1\TDC.cpp(26,64): warning C4244: “=”: 从“const double”转换到“int”，可能丢失数据
C:\Users\Administrator\Desktop\cacah-test\Cache Policy\SCORE\Project1\TDC.cpp(100,64): warning C4244: “=”: 从“const double”转换到“int”，可能丢失数据
C:\Users\Administrator\Desktop\cacah-test\Cache Policy\SCORE\Project1\TDC.cpp(120,25): warning C4244: “初始化”: 从“_Rep”转换到“double”，可能丢失数据
C:\Users\Administrator\Desktop\cacah-test\Cache Policy\SCORE\Project1\TDC.cpp(120,25): warning C4244:         with
C:\Users\Administrator\Desktop\cacah-test\Cache Policy\SCORE\Project1\TDC.cpp(120,25): warning C4244:         [
C:\Users\Administrator\Desktop\cacah-test\Cache Policy\SCORE\Project1\TDC.cpp(120,25): warning C4244:             _Rep=__int64
C:\Users\Administrator\Desktop\cacah-test\Cache Policy\SCORE\Project1\TDC.cpp(120,25): warning C4244:         ]
  tdc2.cpp
C:\Users\Administrator\Desktop\cacah-test\Cache Policy\SCORE\Project1\histogram.h(59,16): warning C4267: “初始化”: 从“size_t”转换到“unsigned int”，可能丢失数据
  (编译源文件“tdc2.cpp”)
  
C:\Users\Administrator\Desktop\cacah-test\Cache Policy\SCORE\Project1\histogram.h(119,24): warning C4267: “参数”: 从“size_t”转换到“unsigned int”，可能丢失数据
  (编译源文件“tdc2.cpp”)
  
C:\Users\Administrator\Desktop\cacah-test\Cache Policy\SCORE\Project1\histogram.h(125,24): warning C4267: “参数”: 从“size_t”转换到“unsigned int”，可能丢失数据
  (编译源文件“tdc2.cpp”)
  
C:\Users\Administrator\Desktop\cacah-test\Cache Policy\SCORE\Project1\tdc2.cpp(13,15): warning C4244: “=”: 从“double”转换到“unsigned int”，可能丢失数据
C:\Users\Administrator\Desktop\cacah-test\Cache Policy\SCORE\Project1\tdc2.cpp(104,28): warning C4244: “=”: 从“_Rep”转换到“int”，可能丢失数据
C:\Users\Administrator\Desktop\cacah-test\Cache Policy\SCORE\Project1\tdc2.cpp(104,28): warning C4244:         with
C:\Users\Administrator\Desktop\cacah-test\Cache Policy\SCORE\Project1\tdc2.cpp(104,28): warning C4244:         [
C:\Users\Administrator\Desktop\cacah-test\Cache Policy\SCORE\Project1\tdc2.cpp(104,28): warning C4244:             _Rep=__int64
C:\Users\Administrator\Desktop\cacah-test\Cache Policy\SCORE\Project1\tdc2.cpp(104,28): warning C4244:         ]
  tiercache.cpp
C:\Users\Administrator\Desktop\cacah-test\Cache Policy\SCORE\Project1\histogram.h(59,16): warning C4267: “初始化”: 从“size_t”转换到“unsigned int”，可能丢失数据
  (编译源文件“tiercache.cpp”)
  
C:\Users\Administrator\Desktop\cacah-test\Cache Policy\SCORE\Project1\histogram.h(119,24): warning C4267: “参数”: 从“size_t”转换到“unsigned int”，可能丢失数据
  (编译源文件“tiercache.cpp”)
  
C:\Users\Administrator\Desktop\cacah-test\Cache Policy\SCORE\Project1\histogram.h(125,24): warning C4267: “参数”: 从“size_t”转换到“unsigned int”，可能丢失数据
  (编译源文件“tiercache.cpp”)
  
C:\Users\Administrator\Desktop\cacah-test\Cache Policy\SCORE\Project1\tiercache.cpp(14,15): warning C4244: “=”: 从“double”转换到“unsigned int”，可能丢失数据
C:\Users\Administrator\Desktop\cacah-test\Cache Policy\SCORE\Project1\tiercache.cpp(66,11): warning C4244: “初始化”: 从“double”转换到“int”，可能丢失数据
  正在生成代码...
C:\Users\Administrator\Desktop\cacah-test\Cache Policy\SCORE\Project1\tdc2.cpp(131,1): warning C4715: “tdcCache::agent_maybe_evict”: 不是所有的控件路径都返回值
  Project1.vcxproj -> C:\Users\Administrator\Desktop\cacah-test\Cache Policy\SCORE\Project1\x64\Debug\SCORE.exe
